329
325
323
321
319
317
315
313
311
305
290
289
288
287
286
285
284
283
282
281
280
279
278
277
276
275
274
273
272
271
270
269
268
267
266
265
264
263
262
261
260
259
258
257
256
255
254
253
252
251
235
234
233
232
231
230
229
228
227
226
225
224
223
222
221
220
219
218
217
216
215
214
213
212
211
210
209
208
207
206
205
204
203
202
201
200
199
198
197
163
162
154
153
152
151
150
149
147
146
145
144
142
141
122
121
120
119
118
117
116
70
63
38
25
24
23
22
21
20
12
9
8
3
2920
2919
2918
2917
2916
2915
2914
2913
2912
2911
2910
2909
2908
2907
2906
2905
2904
2903
2902
2900
2899
2898
2897
2896
2895
2894
2893
2892
2891
2890
2889
2888
2887
2886
2885
2884
2883
2882
2881
2880
2879
2878
2877
2876
2875
2874
2873
2872
2871
2870
2869
2868
2867
2866
2865
2864
2863
2862
2861
2860
2859
2858
2857
2856
2855
2854
97
96
94
93
92
91
90
89
88
87
86
85
84
83
82
81
80
79
77
76
75
74
73
72
69
68
67
66
65
64
62
61
60
59
58
57
56
55
54
53
52
50
49
44
43
42
41
40
39
37
36
33
32
31
30
29
28
27
26
19
18
17
16
15
14
13
11
10
7
6
5
4
2
1256
1255
1254
1252
1251
1250
1248
1247
1246
1244
1243
1242
1241
1239
1238
1237
1236
1234
1233
1232
1231
1229
1228
1227
1225
1224
1223
1222
1209
1208
1207
1206
1205
1204
1203
1202
1193
1192
1190
1189
1187
1186
1184
1183
1181
1180
1178
1177
1175
1174
1172
1171
1169
1168
1166
1165
1163
1162
1160
1159
1145
1144
1143
1142
1140
1139
1138
1137
1133
1132
1131
1130
1128
1127
1126
1125
1122
1121
1120
1119
1116
1115
1114
1113
1110
1109
1108
1107
1104
1103
1102
1101
1098
1097
1096
1095
1091
1090
1089
1088
1085
1084
1083
1082
1079
1078
1077
1076
1073
1072
1071
1070
1066
1065
1064
1063
1060
1059
1058
1057
1022
1021
1020
1019
1017
1016
1015
1014
1011
1010
1009
1008
1005
1004
1003
1002
999
998
997
996
993
992
991
990
987
986
985
984
980
979
978
977
974
973
972
971
968
967
966
965
962
961
960
959
956
815
814
813
812
811
810
809
808
807
806
805
804
803
802
801
800
799
798
797
796
795
794
793
792
791
790
789
788
787
786
785
784
783
782
781
746
743
742
1387
1386
1384
1383
1381
1380
1378
1377
1375
1374
1372
1371
1369
1368
1366
1365
1363
1362
1360
1359
1347
1332
1331
1330
1329
1328
1327
1326
1325
1324
1323
1322
1321
1320
1319
1318
1317
1316
1315
1314
1313
1312
1311
1310
1309
1290
1289
1288
1287
1286
1285
1284
1283
1282
1281
1280
1268
1267
1266
1265
1264
955
954
951
947
946
945
944
941
940
939
938
934
933
932
931
929
928
927
926
924
923
922
921
919
918
917
916
914
913
912
911
908
907
906
905
903
902
901
900
897
896
895
894
891
890
889
888
885
884
883
882
879
878
877
876
874
873
872
871
868
867
866
865
861
860
859
858
855
854
853
852
849
848
847
844
843
842
841
838
837
836
833
832
831
830
827
826
825
824
822
821
820
819
816
780
779
778
777
774
773
772
771
768
767
766
763
762
761
760
757
756
755
754
751
750
749
748
745
744
740
739
738
737
734
733
732
731
728
727
726
725
722
721
720
719
716
715
714
713
710
709
708
705
704
703
702
699
698
697
696
693
692
691
688
687
686
685
683
682
681
680
677
676
675
674
671
670
669
668
665
664
663
662
661
652
651
650
649
648
647
646
645
644
643
642
641
640
639
565
564
563
561
560
559
557
556
555
554
552
551
550
549
548
546
545
544
543
542
540
539
538
537
536
534
533
532
528
527
526
522
521
520
516
515
514
510
509
508
504
503
502
498
497
496
492
491
490
486
485
484
480
479
478
474
473
472
471
467
466
465
463
461
460
458
456
455
454
450
449
448
447
446
442
441
440
439
438
434
433
432
431
430
426
425
424
423
422
418
417
416
415
414
410
409
408
407
406
404
394
393
392
391
390
389
387
386
385
381
376
375
373
368
367
365
362
361
360
358
355
354
353
351
348
347
346
344
343
339
338
336
335
331
330
328
326
322
320
318
314
312
309
308
304
303
301
298
297
296
295
293
292
291
249
248
247
245
243
242
240
239
237
